[25-Mar-2026 06:38:48] NOTICE: fpm is running, pid 515386
[25-Mar-2026 06:38:48] NOTICE: ready to handle connections
[25-Mar-2026 14:50:04] NOTICE: Terminating ...
[25-Mar-2026 14:50:04] NOTICE: exiting, bye-bye!
[26-Mar-2026 01:32:10] NOTICE: fpm is running, pid 8468
[26-Mar-2026 01:32:10] NOTICE: ready to handle connections
[26-Mar-2026 01:38:10] NOTICE: Terminating ...
[26-Mar-2026 01:38:10] NOTICE: Terminating ...
[26-Mar-2026 01:38:10] NOTICE: exiting, bye-bye!
[26-Mar-2026 01:41:04] NOTICE: fpm is running, pid 6461
[26-Mar-2026 01:41:04] NOTICE: ready to handle connections
[26-Mar-2026 04:00:00] NOTICE: Terminating ...
[26-Mar-2026 04:00:00] NOTICE: Terminating ...
[26-Mar-2026 04:00:00] NOTICE: exiting, bye-bye!
[26-Mar-2026 05:22:47] NOTICE: fpm is running, pid 119862
[26-Mar-2026 05:22:47] NOTICE: ready to handle connections
[26-Mar-2026 06:20:09] NOTICE: Terminating ...
[26-Mar-2026 06:20:09] NOTICE: Terminating ...
[26-Mar-2026 06:20:09] NOTICE: exiting, bye-bye!
[30-Mar-2026 05:57:00] NOTICE: fpm is running, pid 114488
[30-Mar-2026 05:57:00] NOTICE: ready to handle connections
[31-Mar-2026 10:15:28] NOTICE: fpm is running, pid 5389
[31-Mar-2026 10:15:28] NOTICE: ready to handle connections
[31-Mar-2026 10:35:49] NOTICE: Terminating ...
[31-Mar-2026 10:35:49] NOTICE: Terminating ...
[31-Mar-2026 10:35:49] NOTICE: exiting, bye-bye!
[03-Apr-2026 09:35:02] NOTICE: fpm is running, pid 164496
[03-Apr-2026 09:35:02] NOTICE: ready to handle connections
[04-Apr-2026 09:43:18] NOTICE: Terminating ...
[04-Apr-2026 09:43:18] NOTICE: exiting, bye-bye!
[04-Apr-2026 09:43:18] NOTICE: fpm is running, pid 188737
[04-Apr-2026 09:43:18] NOTICE: ready to handle connections
[04-Apr-2026 09:43:19] NOTICE: Terminating ...
[04-Apr-2026 09:43:19] NOTICE: Terminating ...
[04-Apr-2026 09:43:19] NOTICE: exiting, bye-bye!
[08-Apr-2026 01:01:26] NOTICE: fpm is running, pid 46366
[08-Apr-2026 01:01:26] NOTICE: ready to handle connections
[08-Apr-2026 01:12:18] NOTICE: Terminating ...
[08-Apr-2026 01:12:18] NOTICE: exiting, bye-bye!
[08-Apr-2026 04:13:58] NOTICE: fpm is running, pid 597358
[08-Apr-2026 04:13:58] NOTICE: ready to handle connections
[08-Apr-2026 15:46:29] NOTICE: Terminating ...
[08-Apr-2026 15:46:29] NOTICE: Terminating ...
[08-Apr-2026 15:46:29] NOTICE: exiting, bye-bye!
[09-Apr-2026 06:36:57] NOTICE: fpm is running, pid 35887
[09-Apr-2026 06:36:57] NOTICE: ready to handle connections
[10-Apr-2026 07:38:31] NOTICE: Terminating ...
[10-Apr-2026 07:38:31] NOTICE: exiting, bye-bye!
[14-Apr-2026 03:56:19] NOTICE: fpm is running, pid 68157
[14-Apr-2026 03:56:19] NOTICE: ready to handle connections
[14-Apr-2026 03:57:33] NOTICE: Terminating ...
[14-Apr-2026 03:57:34] NOTICE: exiting, bye-bye!
[14-Apr-2026 04:00:25] NOTICE: fpm is running, pid 7163
[14-Apr-2026 04:00:25] NOTICE: ready to handle connections
[14-Apr-2026 13:06:54] NOTICE: Terminating ...
[14-Apr-2026 13:06:54] NOTICE: Terminating ...
[14-Apr-2026 13:06:54] NOTICE: exiting, bye-bye!
[14-Apr-2026 15:08:29] NOTICE: fpm is running, pid 82656
[14-Apr-2026 15:08:29] NOTICE: ready to handle connections
